// Jest Snapshot v1, https://goo.gl/fbAQLP

exports[`renders without throwing errors 1`] = `
Object {
  "asFragment": [Function],
  "baseElement": <body>
    <div>
      <div
        class="Todo__StyledTodo-sc-1du706c-0 tRDLD wrapper"
      >
        <h1>
          todos.
        </h1>
        <form
          class="AddItem__StyledAddItem-sc-i6dyxz-0 jgftdv"
        >
          <input
            placeholder="New todo..."
            required=""
            type="text"
            value=""
          />
          <button
            type="submit"
          >
            <svg
              aria-hidden="true"
              class="svg-inline--fa fa-plus"
              data-icon="plus"
              data-prefix="fas"
              focusable="false"
              role="img"
              viewBox="0 0 448 512"
              xmlns="http://www.w3.org/2000/svg"
            >
              <path
                d="M256 80c0-17.7-14.3-32-32-32s-32 14.3-32 32V224H48c-17.7 0-32 14.3-32 32s14.3 32 32 32H192V432c0 17.7 14.3 32 32 32s32-14.3 32-32V288H400c17.7 0 32-14.3 32-32s-14.3-32-32-32H256V80z"
                fill="currentColor"
              />
            </svg>
          </button>
        </form>
        <div
          class="Todo__StyledTodoList-sc-1du706c-1 faCqcp"
        >
          <ul />
        </div>
        <div
          class="Todo__StyledFooter-sc-1du706c-2 fTEOgn"
        >
          <p>
            A simple Todo app made with React.
          </p>
          <p>
            It's ok to close the browser, all items will be saved locally.
          </p>
          <p>
            If you use Private browsing or Incognito mode, the app will be unable to save changes.
          </p>
        </div>
      </div>
    </div>
  </body>,
  "container": <div>
    <div
      class="Todo__StyledTodo-sc-1du706c-0 tRDLD wrapper"
    >
      <h1>
        todos.
      </h1>
      <form
        class="AddItem__StyledAddItem-sc-i6dyxz-0 jgftdv"
      >
        <input
          placeholder="New todo..."
          required=""
          type="text"
          value=""
        />
        <button
          type="submit"
        >
          <svg
            aria-hidden="true"
            class="svg-inline--fa fa-plus"
            data-icon="plus"
            data-prefix="fas"
            focusable="false"
            role="img"
            viewBox="0 0 448 512"
            xmlns="http://www.w3.org/2000/svg"
          >
            <path
              d="M256 80c0-17.7-14.3-32-32-32s-32 14.3-32 32V224H48c-17.7 0-32 14.3-32 32s14.3 32 32 32H192V432c0 17.7 14.3 32 32 32s32-14.3 32-32V288H400c17.7 0 32-14.3 32-32s-14.3-32-32-32H256V80z"
              fill="currentColor"
            />
          </svg>
        </button>
      </form>
      <div
        class="Todo__StyledTodoList-sc-1du706c-1 faCqcp"
      >
        <ul />
      </div>
      <div
        class="Todo__StyledFooter-sc-1du706c-2 fTEOgn"
      >
        <p>
          A simple Todo app made with React.
        </p>
        <p>
          It's ok to close the browser, all items will be saved locally.
        </p>
        <p>
          If you use Private browsing or Incognito mode, the app will be unable to save changes.
        </p>
      </div>
    </div>
  </div>,
  "debug": [Function],
  "findAllByAltText": [Function],
  "findAllByDisplayValue": [Function],
  "findAllByLabelText": [Function],
  "findAllByPlaceholderText": [Function],
  "findAllByRole": [Function],
  "findAllByTestId": [Function],
  "findAllByText": [Function],
  "findAllByTitle": [Function],
  "findByAltText": [Function],
  "findByDisplayValue": [Function],
  "findByLabelText": [Function],
  "findByPlaceholderText": [Function],
  "findByRole": [Function],
  "findByTestId": [Function],
  "findByText": [Function],
  "findByTitle": [Function],
  "getAllByAltText": [Function],
  "getAllByDisplayValue": [Function],
  "getAllByLabelText": [Function],
  "getAllByPlaceholderText": [Function],
  "getAllByRole": [Function],
  "getAllByTestId": [Function],
  "getAllByText": [Function],
  "getAllByTitle": [Function],
  "getByAltText": [Function],
  "getByDisplayValue": [Function],
  "getByLabelText": [Function],
  "getByPlaceholderText": [Function],
  "getByRole": [Function],
  "getByTestId": [Function],
  "getByText": [Function],
  "getByTitle": [Function],
  "queryAllByAltText": [Function],
  "queryAllByDisplayValue": [Function],
  "queryAllByLabelText": [Function],
  "queryAllByPlaceholderText": [Function],
  "queryAllByRole": [Function],
  "queryAllByTestId": [Function],
  "queryAllByText": [Function],
  "queryAllByTitle": [Function],
  "queryByAltText": [Function],
  "queryByDisplayValue": [Function],
  "queryByLabelText": [Function],
  "queryByPlaceholderText": [Function],
  "queryByRole": [Function],
  "queryByTestId": [Function],
  "queryByText": [Function],
  "queryByTitle": [Function],
  "rerender": [Function],
  "unmount": [Function],
}
`;
